// Jest Snapshot v1, https://goo.gl/fbAQLP

exports[`Component :: DropdownButton #render should match snapshot 1`] = `
<ForwardRef
  accessibleText=""
  ariaLabel=""
  className="root"
  disabled={false}
  onClick={[Function]}
  role="button"
  style={null}
>
  xsmall
  <span
    className="caret"
  />
</ForwardRef>
`;
