// Jest Snapshot v1, https://goo.gl/fbAQLP

exports[`Component :: ProductDetailTemplate #render should match snapshot 1`] = `
<main>
  <Connect(ProductDetailHero)
    available_colors={
      Array [
        "black",
        "beige",
      ]
    }
    available_sizes={
      Array [
        "xsmall",
        "small",
        "medium",
        "large",
        "xlarge",
        "xxlarge",
      ]
    }
    description="The phrase \\"treat yo'self\\" reaches new belly-button brushing heights with the Hi-Waist, and it's here just in time for cuffing season."
    images={
      Array [
        Object {
          "alt": "Hi-Waist front 1",
          "src": "https://thinx-assets.s3.amazonaws.com/highwaist_black_front_01_1024x1024.jpg",
        },
        Object {
          "alt": "Hi-Waist front 2",
          "src": "https://thinx-assets.s3.amazonaws.com/highwaist_black_front_02_1024x1024.jpg",
        },
        Object {
          "alt": "Hi-Waist front 3",
          "src": "https://thinx-assets.s3.amazonaws.com/highwaist_black_front_03_1024x1024.jpg",
        },
        Object {
          "alt": "Hi-Waist front 4",
          "src": "https://thinx-assets.s3.amazonaws.com/highwaist_black_front_04_1024x1024.jpg",
        },
        Object {
          "alt": "Hi-Waist side",
          "src": "https://thinx-assets.s3.amazonaws.com/highwaist_black_side_1024x1024.jpg",
        },
        Object {
          "alt": "Hi-Waist back",
          "src": "https://thinx-assets.s3.amazonaws.com/highwaist_black_back_1024x1024.jpg",
        },
      ]
    }
    price="35.00"
    product_subtitle="Heavy days. Holds up to 2 tampon's worth"
    product_title="Hi - Waist"
    savings={
      Object {
        "label": "build a cycle set and save up to 20%",
        "url": "",
      }
    }
    size_chart={true}
  />
  <BestSellers
    best_selling_products={
      Array [
        Object {
          "image": Object {
            "alt": "Hiphugger",
            "src": "https://thinx-assets.s3.amazonaws.com/best_seller_1.jpg",
          },
          "product_subtitle": "heavy days",
          "product_title": "Shop Hiphugger",
          "url": "",
        },
        Object {
          "image": Object {
            "alt": "Cheeky",
            "src": "https://thinx-assets.s3.amazonaws.com/best_seller_2.jpg",
          },
          "product_subtitle": "light days",
          "product_title": "Shop Cheeky",
          "url": "",
        },
        Object {
          "image": Object {
            "alt": "Thong",
            "src": "https://thinx-assets.s3.amazonaws.com/best_seller_3.jpg",
          },
          "product_subtitle": "lightest days",
          "product_title": "Shop Thong",
          "url": "",
        },
        Object {
          "image": Object {
            "alt": "Sport",
            "src": "https://thinx-assets.s3.amazonaws.com/best_seller_4.jpg",
          },
          "product_subtitle": "medium days",
          "product_title": "Shop Sport",
          "url": "",
        },
        Object {
          "image": Object {
            "alt": "Boyshort",
            "src": "https://thinx-assets.s3.amazonaws.com/best_seller_5.jpg",
          },
          "product_subtitle": "light days",
          "product_title": "Shop Boyshort",
          "url": "",
        },
      ]
    }
  />
</main>
`;
