// Jest Snapshot v1, https://goo.gl/fbAQLP

exports[`Component :: QuantitySelector #render should match snapshot 1`] = `
<div
  className="root"
>
  <ForwardRef
    accessibleText=""
    ariaLabel="decrease selected quantity"
    className="decrease-button"
    disabled={true}
    onClick={[Function]}
    role="presentation"
    style={null}
    type="button"
  >
    -
  </ForwardRef>
  <span
    className="quantity-text-wrapper"
    role="presentation"
  >
    <span
      className="quantity-text"
    >
      quantity
    </span>
    <span>
       (
    </span>
    <input
      aria-label="quantity"
      className="quantity-number"
      maxLength={null}
      name="quantity"
      readOnly={true}
      step="1"
      type="number"
      value="1"
    />
    <span
      className="closing-parenthesis"
    >
      )
    </span>
  </span>
  <ForwardRef
    accessibleText=""
    ariaLabel="increase selected quantity"
    className="increase-button"
    disabled={false}
    onClick={[Function]}
    role="presentation"
    style={null}
    type="button"
  >
    +
  </ForwardRef>
</div>
`;
